Archive member included to satisfy reference by file (symbol)

c:/nxp/lpcxpresso_8.2.2_650/lpcxpresso/tools/bin/../lib/gcc/arm-none-eabi/5.4.1/armv6-m\libgcc.a(_udivsi3.o)
                              ./src/Mary_ENC28J60.o (__aeabi_uidivmod)
c:/nxp/lpcxpresso_8.2.2_650/lpcxpresso/tools/bin/../lib/gcc/arm-none-eabi/5.4.1/armv6-m\libgcc.a(_divsi3.o)
                              ./src/network.o (__aeabi_idivmod)
c:/nxp/lpcxpresso_8.2.2_650/lpcxpresso/tools/bin/../lib/gcc/arm-none-eabi/5.4.1/armv6-m\libgcc.a(_dvmd_tls.o)
                              c:/nxp/lpcxpresso_8.2.2_650/lpcxpresso/tools/bin/../lib/gcc/arm-none-eabi/5.4.1/armv6-m\libgcc.a(_udivsi3.o) (__aeabi_idiv0)
c:/nxp/lpcxpresso_8.2.2_650/lpcxpresso/tools/bin/../lib/gcc/arm-none-eabi/5.4.1/../../../../arm-none-eabi/lib/armv6-m\libc_nano.a(lib_a-init.o)
                              ./src/cr_startup_lpc11xx.o (__libc_init_array)
c:/nxp/lpcxpresso_8.2.2_650/lpcxpresso/tools/bin/../lib/gcc/arm-none-eabi/5.4.1/../../../../arm-none-eabi/lib/armv6-m\libc_nano.a(lib_a-malloc.o)
                              ./src/cr_cpp_config.o (malloc)
c:/nxp/lpcxpresso_8.2.2_650/lpcxpresso/tools/bin/../lib/gcc/arm-none-eabi/5.4.1/../../../../arm-none-eabi/lib/armv6-m\libc_nano.a(lib_a-memcpy-stub.o)
                              ./src/network.o (memcpy)
c:/nxp/lpcxpresso_8.2.2_650/lpcxpresso/tools/bin/../lib/gcc/arm-none-eabi/5.4.1/../../../../arm-none-eabi/lib/armv6-m\libc_nano.a(lib_a-memset.o)
                              ./src/ENC28J60.o (memset)
c:/nxp/lpcxpresso_8.2.2_650/lpcxpresso/tools/bin/../lib/gcc/arm-none-eabi/5.4.1/../../../../arm-none-eabi/lib/armv6-m\libc_nano.a(lib_a-nano-freer.o)
                              c:/nxp/lpcxpresso_8.2.2_650/lpcxpresso/tools/bin/../lib/gcc/arm-none-eabi/5.4.1/../../../../arm-none-eabi/lib/armv6-m\libc_nano.a(lib_a-malloc.o) (_free_r)
c:/nxp/lpcxpresso_8.2.2_650/lpcxpresso/tools/bin/../lib/gcc/arm-none-eabi/5.4.1/../../../../arm-none-eabi/lib/armv6-m\libc_nano.a(lib_a-nano-mallocr.o)
                              c:/nxp/lpcxpresso_8.2.2_650/lpcxpresso/tools/bin/../lib/gcc/arm-none-eabi/5.4.1/../../../../arm-none-eabi/lib/armv6-m\libc_nano.a(lib_a-malloc.o) (_malloc_r)
c:/nxp/lpcxpresso_8.2.2_650/lpcxpresso/tools/bin/../lib/gcc/arm-none-eabi/5.4.1/../../../../arm-none-eabi/lib/armv6-m\libc_nano.a(lib_a-sbrkr.o)
                              c:/nxp/lpcxpresso_8.2.2_650/lpcxpresso/tools/bin/../lib/gcc/arm-none-eabi/5.4.1/../../../../arm-none-eabi/lib/armv6-m\libc_nano.a(lib_a-nano-mallocr.o) (_sbrk_r)
c:/nxp/lpcxpresso_8.2.2_650/lpcxpresso/tools/bin/../lib/gcc/arm-none-eabi/5.4.1/../../../../arm-none-eabi/lib/armv6-m\libc_nano.a(lib_a-impure.o)
                              c:/nxp/lpcxpresso_8.2.2_650/lpcxpresso/tools/bin/../lib/gcc/arm-none-eabi/5.4.1/../../../../arm-none-eabi/lib/armv6-m\libc_nano.a(lib_a-malloc.o) (_impure_ptr)
c:/nxp/lpcxpresso_8.2.2_650/lpcxpresso/tools/bin/../lib/gcc/arm-none-eabi/5.4.1/../../../../arm-none-eabi/lib/armv6-m\libc_nano.a(lib_a-mlock.o)
                              c:/nxp/lpcxpresso_8.2.2_650/lpcxpresso/tools/bin/../lib/gcc/arm-none-eabi/5.4.1/../../../../arm-none-eabi/lib/armv6-m\libc_nano.a(lib_a-nano-freer.o) (__malloc_lock)
c:/nxp/lpcxpresso_8.2.2_650/lpcxpresso/tools/bin/../lib/gcc/arm-none-eabi/5.4.1/../../../../arm-none-eabi/lib/armv6-m\libc_nano.a(lib_a-reent.o)
                              c:/nxp/lpcxpresso_8.2.2_650/lpcxpresso/tools/bin/../lib/gcc/arm-none-eabi/5.4.1/../../../../arm-none-eabi/lib/armv6-m\libc_nano.a(lib_a-sbrkr.o) (errno)

Allocating common symbols
Common symbol       size              file

errno               0x4               c:/nxp/lpcxpresso_8.2.2_650/lpcxpresso/tools/bin/../lib/gcc/arm-none-eabi/5.4.1/../../../../arm-none-eabi/lib/armv6-m\libc_nano.a(lib_a-reent.o)

Discarded input sections

 .group         0x00000000        0x8 ./src/ENC28J60.o
 .group         0x00000000        0x8 ./src/ENC28J60.o
 .group         0x00000000        0x8 ./src/ENC28J60.o
 .group         0x00000000        0x8 ./src/ENC28J60.o
 .group         0x00000000        0x8 ./src/ENC28J60.o
 .group         0x00000000        0x8 ./src/ENC28J60.o
 .group         0x00000000        0x8 ./src/ENC28J60.o
 .group         0x00000000        0x8 ./src/ENC28J60.o
 .group         0x00000000        0x8 ./src/ENC28J60.o
 .group         0x00000000        0x8 ./src/ENC28J60.o
 .group         0x00000000        0x8 ./src/ENC28J60.o
 .text          0x00000000        0x0 ./src/ENC28J60.o
 .data          0x00000000        0x0 ./src/ENC28J60.o
 .bss           0x00000000        0x0 ./src/ENC28J60.o
 .text._Z18Is_LinkUP_ENC28J60v
                0x00000000       0x28 ./src/ENC28J60.o
 .group         0x00000000        0x8 ./src/Mary_ENC28J60.o
 .group         0x00000000        0x8 ./src/Mary_ENC28J60.o
 .group         0x00000000        0x8 ./src/Mary_ENC28J60.o
 .group         0x00000000        0x8 ./src/Mary_ENC28J60.o
 .group         0x00000000        0x8 ./src/Mary_ENC28J60.o
 .group         0x00000000        0x8 ./src/Mary_ENC28J60.o
 .group         0x00000000        0x8 ./src/Mary_ENC28J60.o
 .group         0x00000000        0x8 ./src/Mary_ENC28J60.o
 .group         0x00000000        0x8 ./src/Mary_ENC28J60.o
 .group         0x00000000        0x8 ./src/Mary_ENC28J60.o
 .group         0x00000000        0x8 ./src/Mary_ENC28J60.o
 .group         0x00000000        0x8 ./src/Mary_ENC28J60.o
 .group         0x00000000        0x8 ./src/Mary_ENC28J60.o
 .group         0x00000000        0x8 ./src/Mary_ENC28J60.o
 .group         0x00000000        0x8 ./src/Mary_ENC28J60.o
 .text          0x00000000        0x0 ./src/Mary_ENC28J60.o
 .data          0x00000000        0x0 ./src/Mary_ENC28J60.o
 .bss           0x00000000        0x0 ./src/Mary_ENC28J60.o
 .data.gIsSetSrcHostInfo
                0x00000000        0x4 ./src/Mary_ENC28J60.o
 .debug_macro   0x00000000      0x8da ./src/Mary_ENC28J60.o
 .debug_macro   0x00000000       0x1c ./src/Mary_ENC28J60.o
 .debug_macro   0x00000000       0x22 ./src/Mary_ENC28J60.o
 .debug_macro   0x00000000       0x4f ./src/Mary_ENC28J60.o
 .debug_macro   0x00000000       0x44 ./src/Mary_ENC28J60.o
 .debug_macro   0x00000000       0xfd ./src/Mary_ENC28J60.o
 .debug_macro   0x00000000       0x5e ./src/Mary_ENC28J60.o
 .debug_macro   0x00000000      0x1df ./src/Mary_ENC28J60.o
 .debug_macro   0x00000000      0xaa8 ./src/Mary_ENC28J60.o
 .group         0x00000000        0x8 ./src/cr_cpp_config.o
 .group         0x00000000        0x8 ./src/cr_cpp_config.o
 .group         0x00000000        0x8 ./src/cr_cpp_config.o
 .group         0x00000000        0x8 ./src/cr_cpp_config.o
 .group         0x00000000        0x8 ./src/cr_cpp_config.o
 .group         0x00000000        0x8 ./src/cr_cpp_config.o
 .group         0x00000000        0x8 ./src/cr_cpp_config.o
 .group         0x00000000        0x8 ./src/cr_cpp_config.o
 .group         0x00000000        0x8 ./src/cr_cpp_config.o
 .group         0x00000000        0x8 ./src/cr_cpp_config.o
 .group         0x00000000        0x8 ./src/cr_cpp_config.o
 .group         0x00000000        0x8 ./src/cr_cpp_config.o
 .group         0x00000000        0x8 ./src/cr_cpp_config.o
 .group         0x00000000        0x8 ./src/cr_cpp_config.o
 .group         0x00000000        0x8 ./src/cr_cpp_config.o
 .group         0x00000000        0x8 ./src/cr_cpp_config.o
 .group         0x00000000        0x8 ./src/cr_cpp_config.o
 .text          0x00000000        0x0 ./src/cr_cpp_config.o
 .data          0x00000000        0x0 ./src/cr_cpp_config.o
 .bss           0x00000000        0x0 ./src/cr_cpp_config.o
 .text._Znwj    0x00000000       0x1c ./src/cr_cpp_config.o
 .text._Znaj    0x00000000       0x1c ./src/cr_cpp_config.o
 .text._ZdlPv   0x00000000       0x18 ./src/cr_cpp_config.o
 .text._ZdaPv   0x00000000       0x18 ./src/cr_cpp_config.o
 .text.__aeabi_atexit
                0x00000000       0x18 ./src/cr_cpp_config.o
 .text._ZN9__gnu_cxx27__verbose_terminate_handlerEv
                0x00000000        0x8 ./src/cr_cpp_config.o
 .debug_info    0x00000000      0x1b6 ./src/cr_cpp_config.o
 .debug_abbrev  0x00000000       0xfb ./src/cr_cpp_config.o
 .debug_aranges
                0x00000000       0x48 ./src/cr_cpp_config.o
 .debug_ranges  0x00000000       0x38 ./src/cr_cpp_config.o
 .debug_macro   0x00000000       0xee ./src/cr_cpp_config.o
 .debug_macro   0x00000000      0x8da ./src/cr_cpp_config.o
 .debug_macro   0x00000000       0x22 ./src/cr_cpp_config.o
 .debug_macro   0x00000000       0x4c ./src/cr_cpp_config.o
 .debug_macro   0x00000000       0x55 ./src/cr_cpp_config.o
 .debug_macro   0x00000000       0x35 ./src/cr_cpp_config.o
 .debug_macro   0x00000000       0x9c ./src/cr_cpp_config.o
 .debug_macro   0x00000000       0x16 ./src/cr_cpp_config.o
 .debug_macro   0x00000000      0x10e ./src/cr_cpp_config.o
 .debug_macro   0x00000000       0x94 ./src/cr_cpp_config.o
 .debug_macro   0x00000000       0x4a ./src/cr_cpp_config.o
 .debug_macro   0x00000000       0x52 ./src/cr_cpp_config.o
 .debug_macro   0x00000000       0x1f ./src/cr_cpp_config.o
 .debug_macro   0x00000000       0x43 ./src/cr_cpp_config.o
 .debug_macro   0x00000000       0x20 ./src/cr_cpp_config.o
 .debug_macro   0x00000000      0x187 ./src/cr_cpp_config.o
 .debug_macro   0x00000000      0x337 ./src/cr_cpp_config.o
 .debug_macro   0x00000000       0x22 ./src/cr_cpp_config.o
 .debug_line    0x00000000      0x28b ./src/cr_cpp_config.o
 .debug_str     0x00000000     0x558d ./src/cr_cpp_config.o
 .comment       0x00000000       0x6f ./src/cr_cpp_config.o
 .debug_frame   0x00000000       0xcc ./src/cr_cpp_config.o
 .ARM.attributes
                0x00000000       0x31 ./src/cr_cpp_config.o
 .group         0x00000000        0x8 ./src/cr_startup_lpc11xx.o
 .group         0x00000000        0x8 ./src/cr_startup_lpc11xx.o
 .group         0x00000000        0x8 ./src/cr_startup_lpc11xx.o
 .group         0x00000000        0x8 ./src/cr_startup_lpc11xx.o
 .group         0x00000000        0x8 ./src/cr_startup_lpc11xx.o
 .group         0x00000000        0x8 ./src/cr_startup_lpc11xx.o
 .group         0x00000000        0x8 ./src/cr_startup_lpc11xx.o
 .group         0x00000000        0x8 ./src/cr_startup_lpc11xx.o
 .group         0x00000000        0x8 ./src/cr_startup_lpc11xx.o
 .group         0x00000000        0x8 ./src/cr_startup_lpc11xx.o
 .group         0x00000000        0x8 ./src/cr_startup_lpc11xx.o
 .text          0x00000000        0x0 ./src/cr_startup_lpc11xx.o
 .data          0x00000000        0x0 ./src/cr_startup_lpc11xx.o
 .bss           0x00000000        0x0 ./src/cr_startup_lpc11xx.o
 .debug_macro   0x00000000      0x8da ./src/cr_startup_lpc11xx.o
 .debug_macro   0x00000000      0x136 ./src/cr_startup_lpc11xx.o
 .debug_macro   0x00000000      0x34c ./src/cr_startup_lpc11xx.o
 .debug_macro   0x00000000       0x1c ./src/cr_startup_lpc11xx.o
 .debug_macro   0x00000000       0x22 ./src/cr_startup_lpc11xx.o
 .debug_macro   0x00000000       0x4f ./src/cr_startup_lpc11xx.o
 .debug_macro   0x00000000       0x44 ./src/cr_startup_lpc11xx.o
 .debug_macro   0x00000000       0xfd ./src/cr_startup_lpc11xx.o
 .debug_macro   0x00000000       0x5e ./src/cr_startup_lpc11xx.o
 .debug_macro   0x00000000      0x1df ./src/cr_startup_lpc11xx.o
 .debug_macro   0x00000000       0x34 ./src/cr_startup_lpc11xx.o
 .group         0x00000000        0x8 ./src/crp.o
 .group         0x00000000        0x8 ./src/crp.o
 .text          0x00000000        0x0 ./src/crp.o
 .data          0x00000000        0x0 ./src/crp.o
 .bss           0x00000000        0x0 ./src/crp.o
 .group         0x00000000        0x8 ./src/global.o
 .group         0x00000000        0x8 ./src/global.o
 .text          0x00000000        0x0 ./src/global.o
 .data          0x00000000        0x0 ./src/global.o
 .bss           0x00000000        0x0 ./src/global.o
 .debug_macro   0x00000000      0x8da ./src/global.o
 .group         0x00000000        0x8 ./src/interrupt.o
 .group         0x00000000        0x8 ./src/interrupt.o
 .group         0x00000000        0x8 ./src/interrupt.o
 .group         0x00000000        0x8 ./src/interrupt.o
 .group         0x00000000        0x8 ./src/interrupt.o
 .group         0x00000000        0x8 ./src/interrupt.o
 .group         0x00000000        0x8 ./src/interrupt.o
 .group         0x00000000        0x8 ./src/interrupt.o
 .group         0x00000000        0x8 ./src/interrupt.o
 .group         0x00000000        0x8 ./src/interrupt.o
 .text          0x00000000        0x0 ./src/interrupt.o
 .data          0x00000000        0x0 ./src/interrupt.o
 .bss           0x00000000        0x0 ./src/interrupt.o
 .debug_macro   0x00000000      0x8da ./src/interrupt.o
 .debug_macro   0x00000000       0x1c ./src/interrupt.o
 .debug_macro   0x00000000       0x22 ./src/interrupt.o
 .debug_macro   0x00000000       0x4f ./src/interrupt.o
 .debug_macro   0x00000000       0x44 ./src/interrupt.o
 .debug_macro   0x00000000       0xfd ./src/interrupt.o
 .debug_macro   0x00000000       0x5e ./src/interrupt.o
 .debug_macro   0x00000000      0x1df ./src/interrupt.o
 .debug_macro   0x00000000      0xaa8 ./src/interrupt.o
 .group         0x00000000        0x8 ./src/led.o
 .group         0x00000000        0x8 ./src/led.o
 .group         0x00000000        0x8 ./src/led.o
 .group         0x00000000        0x8 ./src/led.o
 .group         0x00000000        0x8 ./src/led.o
 .group         0x00000000        0x8 ./src/led.o
 .group         0x00000000        0x8 ./src/led.o
 .group         0x00000000        0x8 ./src/led.o
 .group         0x00000000        0x8 ./src/led.o
 .group         0x00000000        0x8 ./src/led.o
 .text          0x00000000        0x0 ./src/led.o
 .data          0x00000000        0x0 ./src/led.o
 .bss           0x00000000        0x0 ./src/led.o
 .debug_macro   0x00000000      0x8da ./src/led.o
 .debug_macro   0x00000000       0x1c ./src/led.o
 .debug_macro   0x00000000       0x22 ./src/led.o
 .debug_macro   0x00000000       0x4f ./src/led.o
 .debug_macro   0x00000000       0x44 ./src/led.o
 .debug_macro   0x00000000       0xfd ./src/led.o
 .debug_macro   0x00000000       0x5e ./src/led.o
 .debug_macro   0x00000000      0x1df ./src/led.o
 .debug_macro   0x00000000      0xaa8 ./src/led.o
 .group         0x00000000        0x8 ./src/network.o
 .group         0x00000000        0x8 ./src/network.o
 .group         0x00000000        0x8 ./src/network.o
 .group         0x00000000        0x8 ./src/network.o
 .group         0x00000000        0x8 ./src/network.o
 .group         0x00000000        0x8 ./src/network.o
 .group         0x00000000        0x8 ./src/network.o
 .group         0x00000000        0x8 ./src/network.o
 .group         0x00000000        0x8 ./src/network.o
 .text          0x00000000        0x0 ./src/network.o
 .data          0x00000000        0x0 ./src/network.o
 .bss           0x00000000        0x0 ./src/network.o
 .text._Z11Store_BEU32Phm
                0x00000000       0x40 ./src/network.o
 .text._Z13Show_EtherHdrPK10_Ether_Hdr
                0x00000000       0x70 ./src/network.o
 .debug_macro   0x00000000      0x8da ./src/network.o
 .debug_macro   0x00000000       0x1c ./src/network.o
 .debug_macro   0x00000000       0x22 ./src/network.o
 .debug_macro   0x00000000       0x4f ./src/network.o
 .debug_macro   0x00000000       0x44 ./src/network.o
 .debug_macro   0x00000000       0xfd ./src/network.o
 .debug_macro   0x00000000       0x5e ./src/network.o
 .debug_macro   0x00000000      0x1df ./src/network.o
 .debug_macro   0x00000000      0x2cf ./src/network.o
 .group         0x00000000        0x8 ./src/spi.o
 .group         0x00000000        0x8 ./src/spi.o
 .group         0x00000000        0x8 ./src/spi.o
 .group         0x00000000        0x8 ./src/spi.o
 .group         0x00000000        0x8 ./src/spi.o
 .group         0x00000000        0x8 ./src/spi.o
 .group         0x00000000        0x8 ./src/spi.o
 .group         0x00000000        0x8 ./src/spi.o
 .group         0x00000000        0x8 ./src/spi.o
 .group         0x00000000        0x8 ./src/spi.o
 .text          0x00000000        0x0 ./src/spi.o
 .data          0x00000000        0x0 ./src/spi.o
 .bss           0x00000000        0x0 ./src/spi.o
 .text._Z9SPI0_SendPKtm
                0x00000000       0x3c ./src/spi.o
 .text._Z9SPI0_ReadPtm
                0x00000000       0x40 ./src/spi.o
 .debug_macro   0x00000000      0x8da ./src/spi.o
 .debug_macro   0x00000000       0x1c ./src/spi.o
 .debug_macro   0x00000000       0x22 ./src/spi.o
 .debug_macro   0x00000000       0x4f ./src/spi.o
 .debug_macro   0x00000000       0x44 ./src/spi.o
 .debug_macro   0x00000000       0xfd ./src/spi.o
 .debug_macro   0x00000000       0x5e ./src/spi.o
 .debug_macro   0x00000000      0x1df ./src/spi.o
 .debug_macro   0x00000000      0xaa8 ./src/spi.o
 .debug_macro   0x00000000       0x1c ./src/spi.o
 .group         0x00000000        0x8 ./src/systick.o
 .group         0x00000000        0x8 ./src/systick.o
 .group         0x00000000        0x8 ./src/systick.o
 .group         0x00000000        0x8 ./src/systick.o
 .group         0x00000000        0x8 ./src/systick.o
 .group         0x00000000        0x8 ./src/systick.o
 .group         0x00000000        0x8 ./src/systick.o
 .group         0x00000000        0x8 ./src/systick.o
 .group         0x00000000        0x8 ./src/systick.o
 .group         0x00000000        0x8 ./src/systick.o
 .text          0x00000000        0x0 ./src/systick.o
 .data          0x00000000        0x0 ./src/systick.o
 .bss           0x00000000        0x0 ./src/systick.o
 .text._Z15SysTick_Handlerv
                0x00000000       0x2c ./src/systick.o
 .debug_macro   0x00000000      0x8da ./src/systick.o
 .debug_macro   0x00000000       0x1c ./src/systick.o
 .debug_macro   0x00000000       0x22 ./src/systick.o
 .debug_macro   0x00000000       0x4f ./src/systick.o
 .debug_macro   0x00000000       0x44 ./src/systick.o
 .debug_macro   0x00000000       0xfd ./src/systick.o
 .debug_macro   0x00000000       0x5e ./src/systick.o
 .debug_macro   0x00000000      0x1df ./src/systick.o
 .debug_macro   0x00000000       0x34 ./src/systick.o
 .debug_macro   0x00000000      0xaa8 ./src/systick.o
 .group         0x00000000        0x8 ./src/timer32.o
 .group         0x00000000        0x8 ./src/timer32.o
 .group         0x00000000        0x8 ./src/timer32.o
 .group         0x00000000        0x8 ./src/timer32.o
 .group         0x00000000        0x8 ./src/timer32.o
 .group         0x00000000        0x8 ./src/timer32.o
 .group         0x00000000        0x8 ./src/timer32.o
 .group         0x00000000        0x8 ./src/timer32.o
 .group         0x00000000        0x8 ./src/timer32.o
 .group         0x00000000        0x8 ./src/timer32.o
 .text          0x00000000        0x0 ./src/timer32.o
 .data          0x00000000        0x0 ./src/timer32.o
 .bss           0x00000000        0x0 ./src/timer32.o
 .debug_macro   0x00000000      0x8da ./src/timer32.o
 .debug_macro   0x00000000       0x1c ./src/timer32.o
 .debug_macro   0x00000000       0x22 ./src/timer32.o
 .debug_macro   0x00000000       0x4f ./src/timer32.o
 .debug_macro   0x00000000       0x44 ./src/timer32.o
 .debug_macro   0x00000000       0xfd ./src/timer32.o
 .debug_macro   0x00000000       0x5e ./src/timer32.o
 .debug_macro   0x00000000      0x1df ./src/timer32.o
 .debug_macro   0x00000000      0xaa8 ./src/timer32.o
 .debug_macro   0x00000000       0x10 ./src/timer32.o
 .group         0x00000000        0x8 ./src/uart.o
 .group         0x00000000        0x8 ./src/uart.o
 .group         0x00000000        0x8 ./src/uart.o
 .group         0x00000000        0x8 ./src/uart.o
 .group         0x00000000        0x8 ./src/uart.o
 .group         0x00000000        0x8 ./src/uart.o
 .group         0x00000000        0x8 ./src/uart.o
 .group         0x00000000        0x8 ./src/uart.o
 .group         0x00000000        0x8 ./src/uart.o
 .group         0x00000000        0x8 ./src/uart.o
 .text          0x00000000        0x0 ./src/uart.o
 .data          0x00000000        0x0 ./src/uart.o
 .bss           0x00000000        0x0 ./src/uart.o
 .text._Z9UART_RecvPhm
                0x00000000       0x98 ./src/uart.o
 .text._Z20UART_ClearRecvBufferv
                0x00000000       0x60 ./src/uart.o
 .text._Z22UART_IsPresentRecvDatav
                0x00000000       0x4c ./src/uart.o
 .debug_macro   0x00000000      0x8da ./src/uart.o
 .debug_macro   0x00000000       0x1c ./src/uart.o
 .debug_macro   0x00000000       0x22 ./src/uart.o
 .debug_macro   0x00000000       0x4f ./src/uart.o
 .debug_macro   0x00000000       0x44 ./src/uart.o
 .debug_macro   0x00000000       0xfd ./src/uart.o
 .debug_macro   0x00000000       0x5e ./src/uart.o
 .debug_macro   0x00000000      0x1df ./src/uart.o
 .debug_macro   0x00000000      0xaa8 ./src/uart.o
 .debug_macro   0x00000000       0x34 ./src/uart.o
 .data          0x00000000        0x0 c:/nxp/lpcxpresso_8.2.2_650/lpcxpresso/tools/bin/../lib/gcc/arm-none-eabi/5.4.1/armv6-m\libgcc.a(_udivsi3.o)
 .bss           0x00000000        0x0 c:/nxp/lpcxpresso_8.2.2_650/lpcxpresso/tools/bin/../lib/gcc/arm-none-eabi/5.4.1/armv6-m\libgcc.a(_udivsi3.o)
 .data          0x00000000        0x0 c:/nxp/lpcxpresso_8.2.2_650/lpcxpresso/tools/bin/../lib/gcc/arm-none-eabi/5.4.1/armv6-m\libgcc.a(_divsi3.o)
 .bss           0x00000000        0x0 c:/nxp/lpcxpresso_8.2.2_650/lpcxpresso/tools/bin/../lib/gcc/arm-none-eabi/5.4.1/armv6-m\libgcc.a(_divsi3.o)
 .data          0x00000000        0x0 c:/nxp/lpcxpresso_8.2.2_650/lpcxpresso/tools/bin/../lib/gcc/arm-none-eabi/5.4.1/armv6-m\libgcc.a(_dvmd_tls.o)
 .bss           0x00000000        0x0 c:/nxp/lpcxpresso_8.2.2_650/lpcxpresso/tools/bin/../lib/gcc/arm-none-eabi/5.4.1/armv6-m\libgcc.a(_dvmd_tls.o)
 .text          0x00000000        0x0 c:/nxp/lpcxpresso_8.2.2_650/lpcxpresso/tools/bin/../lib/gcc/arm-none-eabi/5.4.1/../../../../arm-none-eabi/lib/armv6-m\libc_nano.a(lib_a-init.o)
 .data          0x00000000        0x0 c:/nxp/lpcxpresso_8.2.2_650/lpcxpresso/tools/bin/../lib/gcc/arm-none-eabi/5.4.1/../../../../arm-none-eabi/lib/armv6-m\libc_nano.a(lib_a-init.o)
 .bss           0x00000000        0x0 c:/nxp/lpcxpresso_8.2.2_650/lpcxpresso/tools/bin/../lib/gcc/arm-none-eabi/5.4.1/../../../../arm-none-eabi/lib/armv6-m\libc_nano.a(lib_a-init.o)
 .text          0x00000000        0x0 c:/nxp/lpcxpresso_8.2.2_650/lpcxpresso/tools/bin/../lib/gcc/arm-none-eabi/5.4.1/../../../../arm-none-eabi/lib/armv6-m\libc_nano.a(lib_a-malloc.o)
 .data          0x00000000        0x0 c:/nxp/lpcxpresso_8.2.2_650/lpcxpresso/tools/bin/../lib/gcc/arm-none-eabi/5.4.1/../../../../arm-none-eabi/lib/armv6-m\libc_nano.a(lib_a-malloc.o)
 .bss           0x00000000        0x0 c:/nxp/lpcxpresso_8.2.2_650/lpcxpresso/tools/bin/../lib/gcc/arm-none-eabi/5.4.1/../../../../arm-none-eabi/lib/armv6-m\libc_nano.a(lib_a-malloc.o)
 .text.malloc   0x00000000       0x14 c:/nxp/lpcxpresso_8.2.2_650/lpcxpresso/tools/bin/../lib/gcc/arm-none-eabi/5.4.1/../../../../arm-none-eabi/lib/armv6-m\libc_nano.a(lib_a-malloc.o)
 .text.free     0x00000000       0x14 c:/nxp/lpcxpresso_8.2.2_650/lpcxpresso/tools/bin/../lib/gcc/arm-none-eabi/5.4.1/../../../../arm-none-eabi/lib/armv6-m\libc_nano.a(lib_a-malloc.o)
 .debug_frame   0x00000000       0x40 c:/nxp/lpcxpresso_8.2.2_650/lpcxpresso/tools/bin/../lib/gcc/arm-none-eabi/5.4.1/../../../../arm-none-eabi/lib/armv6-m\libc_nano.a(lib_a-malloc.o)
 .ARM.attributes
                0x00000000       0x2c c:/nxp/lpcxpresso_8.2.2_650/lpcxpresso/tools/bin/../lib/gcc/arm-none-eabi/5.4.1/../../../../arm-none-eabi/lib/armv6-m\libc_nano.a(lib_a-malloc.o)
 .text          0x00000000        0x0 c:/nxp/lpcxpresso_8.2.2_650/lpcxpresso/tools/bin/../lib/gcc/arm-none-eabi/5.4.1/../../../../arm-none-eabi/lib/armv6-m\libc_nano.a(lib_a-memcpy-stub.o)
 .data          0x00000000        0x0 c:/nxp/lpcxpresso_8.2.2_650/lpcxpresso/tools/bin/../lib/gcc/arm-none-eabi/5.4.1/../../../../arm-none-eabi/lib/armv6-m\libc_nano.a(lib_a-memcpy-stub.o)
 .bss           0x00000000        0x0 c:/nxp/lpcxpresso_8.2.2_650/lpcxpresso/tools/bin/../lib/gcc/arm-none-eabi/5.4.1/../../../../arm-none-eabi/lib/armv6-m\libc_nano.a(lib_a-memcpy-stub.o)
 .text          0x00000000        0x0 c:/nxp/lpcxpresso_8.2.2_650/lpcxpresso/tools/bin/../lib/gcc/arm-none-eabi/5.4.1/../../../../arm-none-eabi/lib/armv6-m\libc_nano.a(lib_a-memset.o)
 .data          0x00000000        0x0 c:/nxp/lpcxpresso_8.2.2_650/lpcxpresso/tools/bin/../lib/gcc/arm-none-eabi/5.4.1/../../../../arm-none-eabi/lib/armv6-m\libc_nano.a(lib_a-memset.o)
 .bss           0x00000000        0x0 c:/nxp/lpcxpresso_8.2.2_650/lpcxpresso/tools/bin/../lib/gcc/arm-none-eabi/5.4.1/../../../../arm-none-eabi/lib/armv6-m\libc_nano.a(lib_a-memset.o)
 .text          0x00000000        0x0 c:/nxp/lpcxpresso_8.2.2_650/lpcxpresso/tools/bin/../lib/gcc/arm-none-eabi/5.4.1/../../../../arm-none-eabi/lib/armv6-m\libc_nano.a(lib_a-nano-freer.o)
 .data          0x00000000        0x0 c:/nxp/lpcxpresso_8.2.2_650/lpcxpresso/tools/bin/../lib/gcc/arm-none-eabi/5.4.1/../../../../arm-none-eabi/lib/armv6-m\libc_nano.a(lib_a-nano-freer.o)
 .bss           0x00000000        0x0 c:/nxp/lpcxpresso_8.2.2_650/lpcxpresso/tools/bin/../lib/gcc/arm-none-eabi/5.4.1/../../../../arm-none-eabi/lib/armv6-m\libc_nano.a(lib_a-nano-freer.o)
 .text._free_r  0x00000000       0x98 c:/nxp/lpcxpresso_8.2.2_650/lpcxpresso/tools/bin/../lib/gcc/arm-none-eabi/5.4.1/../../../../arm-none-eabi/lib/armv6-m\libc_nano.a(lib_a-nano-freer.o)
 .debug_frame   0x00000000       0x2c c:/nxp/lpcxpresso_8.2.2_650/lpcxpresso/tools/bin/../lib/gcc/arm-none-eabi/5.4.1/../../../../arm-none-eabi/lib/armv6-m\libc_nano.a(lib_a-nano-freer.o)
 .ARM.attributes
                0x00000000       0x2c c:/nxp/lpcxpresso_8.2.2_650/lpcxpresso/tools/bin/../lib/gcc/arm-none-eabi/5.4.1/../../../../arm-none-eabi/lib/armv6-m\libc_nano.a(lib_a-nano-freer.o)
 .text          0x00000000        0x0 c:/nxp/lpcxpresso_8.2.2_650/lpcxpresso/tools/bin/../lib/gcc/arm-none-eabi/5.4.1/../../../../arm-none-eabi/lib/armv6-m\libc_nano.a(lib_a-nano-mallocr.o)
 .data          0x00000000        0x0 c:/nxp/lpcxpresso_8.2.2_650/lpcxpresso/tools/bin/../lib/gcc/arm-none-eabi/5.4.1/../../../../arm-none-eabi/lib/armv6-m\libc_nano.a(lib_a-nano-mallocr.o)
 .bss           0x00000000        0x0 c:/nxp/lpcxpresso_8.2.2_650/lpcxpresso/tools/bin/../lib/gcc/arm-none-eabi/5.4.1/../../../../arm-none-eabi/lib/armv6-m\libc_nano.a(lib_a-nano-mallocr.o)
 .text._malloc_r
                0x00000000       0xc0 c:/nxp/lpcxpresso_8.2.2_650/lpcxpresso/tools/bin/../lib/gcc/arm-none-eabi/5.4.1/../../../../arm-none-eabi/lib/armv6-m\libc_nano.a(lib_a-nano-mallocr.o)
 .bss.__malloc_sbrk_start
                0x00000000        0x4 c:/nxp/lpcxpresso_8.2.2_650/lpcxpresso/tools/bin/../lib/gcc/arm-none-eabi/5.4.1/../../../../arm-none-eabi/lib/armv6-m\libc_nano.a(lib_a-nano-mallocr.o)
 .bss.__malloc_free_list
                0x00000000        0x4 c:/nxp/lpcxpresso_8.2.2_650/lpcxpresso/tools/bin/../lib/gcc/arm-none-eabi/5.4.1/../../../../arm-none-eabi/lib/armv6-m\libc_nano.a(lib_a-nano-mallocr.o)
 .debug_frame   0x00000000       0x2c c:/nxp/lpcxpresso_8.2.2_650/lpcxpresso/tools/bin/../lib/gcc/arm-none-eabi/5.4.1/../../../../arm-none-eabi/lib/armv6-m\libc_nano.a(lib_a-nano-mallocr.o)
 .ARM.attributes
                0x00000000       0x2c c:/nxp/lpcxpresso_8.2.2_650/lpcxpresso/tools/bin/../lib/gcc/arm-none-eabi/5.4.1/../../../../arm-none-eabi/lib/armv6-m\libc_nano.a(lib_a-nano-mallocr.o)
 .text          0x00000000        0x0 c:/nxp/lpcxpresso_8.2.2_650/lpcxpresso/tools/bin/../lib/gcc/arm-none-eabi/5.4.1/../../../../arm-none-eabi/lib/armv6-m\libc_nano.a(lib_a-sbrkr.o)
 .data          0x00000000        0x0 c:/nxp/lpcxpresso_8.2.2_650/lpcxpresso/tools/bin/../lib/gcc/arm-none-eabi/5.4.1/../../../../arm-none-eabi/lib/armv6-m\libc_nano.a(lib_a-sbrkr.o)
 .bss           0x00000000        0x0 c:/nxp/lpcxpresso_8.2.2_650/lpcxpresso/tools/bin/../lib/gcc/arm-none-eabi/5.4.1/../../../../arm-none-eabi/lib/armv6-m\libc_nano.a(lib_a-sbrkr.o)
 .text._sbrk_r  0x00000000       0x24 c:/nxp/lpcxpresso_8.2.2_650/lpcxpresso/tools/bin/../lib/gcc/arm-none-eabi/5.4.1/../../../../arm-none-eabi/lib/armv6-m\libc_nano.a(lib_a-sbrkr.o)
 .debug_frame   0x00000000       0x2c c:/nxp/lpcxpresso_8.2.2_650/lpcxpresso/tools/bin/../lib/gcc/arm-none-eabi/5.4.1/../../../../arm-none-eabi/lib/armv6-m\libc_nano.a(lib_a-sbrkr.o)
 .ARM.attributes
                0x00000000       0x2c c:/nxp/lpcxpresso_8.2.2_650/lpcxpresso/tools/bin/../lib/gcc/arm-none-eabi/5.4.1/../../../../arm-none-eabi/lib/armv6-m\libc_nano.a(lib_a-sbrkr.o)
 .text          0x00000000        0x0 c:/nxp/lpcxpresso_8.2.2_650/lpcxpresso/tools/bin/../lib/gcc/arm-none-eabi/5.4.1/../../../../arm-none-eabi/lib/armv6-m\libc_nano.a(lib_a-impure.o)
 .data          0x00000000        0x0 c:/nxp/lpcxpresso_8.2.2_650/lpcxpresso/tools/bin/../lib/gcc/arm-none-eabi/5.4.1/../../../../arm-none-eabi/lib/armv6-m\libc_nano.a(lib_a-impure.o)
 .bss           0x00000000        0x0 c:/nxp/lpcxpresso_8.2.2_650/lpcxpresso/tools/bin/../lib/gcc/arm-none-eabi/5.4.1/../../../../arm-none-eabi/lib/armv6-m\libc_nano.a(lib_a-impure.o)
 .data.impure_data
                0x00000000       0x60 c:/nxp/lpcxpresso_8.2.2_650/lpcxpresso/tools/bin/../lib/gcc/arm-none-eabi/5.4.1/../../../../arm-none-eabi/lib/armv6-m\libc_nano.a(lib_a-impure.o)
 .data._impure_ptr
                0x00000000        0x4 c:/nxp/lpcxpresso_8.2.2_650/lpcxpresso/tools/bin/../lib/gcc/arm-none-eabi/5.4.1/../../../../arm-none-eabi/lib/armv6-m\libc_nano.a(lib_a-impure.o)
 .rodata.str1.1
                0x00000000        0x2 c:/nxp/lpcxpresso_8.2.2_650/lpcxpresso/tools/bin/../lib/gcc/arm-none-eabi/5.4.1/../../../../arm-none-eabi/lib/armv6-m\libc_nano.a(lib_a-impure.o)
 .rodata._global_impure_ptr
                0x00000000        0x4 c:/nxp/lpcxpresso_8.2.2_650/lpcxpresso/tools/bin/../lib/gcc/arm-none-eabi/5.4.1/../../../../arm-none-eabi/lib/armv6-m\libc_nano.a(lib_a-impure.o)
 .ARM.attributes
                0x00000000       0x2c c:/nxp/lpcxpresso_8.2.2_650/lpcxpresso/tools/bin/../lib/gcc/arm-none-eabi/5.4.1/../../../../arm-none-eabi/lib/armv6-m\libc_nano.a(lib_a-impure.o)
 .text          0x00000000        0x0 c:/nxp/lpcxpresso_8.2.2_650/lpcxpresso/tools/bin/../lib/gcc/arm-none-eabi/5.4.1/../../../../arm-none-eabi/lib/armv6-m\libc_nano.a(lib_a-mlock.o)
 .data          0x00000000        0x0 c:/nxp/lpcxpresso_8.2.2_650/lpcxpresso/tools/bin/../lib/gcc/arm-none-eabi/5.4.1/../../../../arm-none-eabi/lib/armv6-m\libc_nano.a(lib_a-mlock.o)
 .bss           0x00000000        0x0 c:/nxp/lpcxpresso_8.2.2_650/lpcxpresso/tools/bin/../lib/gcc/arm-none-eabi/5.4.1/../../../../arm-none-eabi/lib/armv6-m\libc_nano.a(lib_a-mlock.o)
 .text.__malloc_lock
                0x00000000        0x2 c:/nxp/lpcxpresso_8.2.2_650/lpcxpresso/tools/bin/../lib/gcc/arm-none-eabi/5.4.1/../../../../arm-none-eabi/lib/armv6-m\libc_nano.a(lib_a-mlock.o)
 .text.__malloc_unlock
                0x00000000        0x2 c:/nxp/lpcxpresso_8.2.2_650/lpcxpresso/tools/bin/../lib/gcc/arm-none-eabi/5.4.1/../../../../arm-none-eabi/lib/armv6-m\libc_nano.a(lib_a-mlock.o)
 .debug_frame   0x00000000       0x30 c:/nxp/lpcxpresso_8.2.2_650/lpcxpresso/tools/bin/../lib/gcc/arm-none-eabi/5.4.1/../../../../arm-none-eabi/lib/armv6-m\libc_nano.a(lib_a-mlock.o)
 .ARM.attributes
                0x00000000       0x2c c:/nxp/lpcxpresso_8.2.2_650/lpcxpresso/tools/bin/../lib/gcc/arm-none-eabi/5.4.1/../../../../arm-none-eabi/lib/armv6-m\libc_nano.a(lib_a-mlock.o)
 .text          0x00000000        0x0 c:/nxp/lpcxpresso_8.2.2_650/lpcxpresso/tools/bin/../lib/gcc/arm-none-eabi/5.4.1/../../../../arm-none-eabi/lib/armv6-m\libc_nano.a(lib_a-reent.o)
 .data          0x00000000        0x0 c:/nxp/lpcxpresso_8.2.2_650/lpcxpresso/tools/bin/../lib/gcc/arm-none-eabi/5.4.1/../../../../arm-none-eabi/lib/armv6-m\libc_nano.a(lib_a-reent.o)
 .bss           0x00000000        0x0 c:/nxp/lpcxpresso_8.2.2_650/lpcxpresso/tools/bin/../lib/gcc/arm-none-eabi/5.4.1/../../../../arm-none-eabi/lib/armv6-m\libc_nano.a(lib_a-reent.o)
 .text.cleanup_glue
                0x00000000       0x1a c:/nxp/lpcxpresso_8.2.2_650/lpcxpresso/tools/bin/../lib/gcc/arm-none-eabi/5.4.1/../../../../arm-none-eabi/lib/armv6-m\libc_nano.a(lib_a-reent.o)
 .text._reclaim_reent
                0x00000000       0xcc c:/nxp/lpcxpresso_8.2.2_650/lpcxpresso/tools/bin/../lib/gcc/arm-none-eabi/5.4.1/../../../../arm-none-eabi/lib/armv6-m\libc_nano.a(lib_a-reent.o)
 .debug_frame   0x00000000       0x48 c:/nxp/lpcxpresso_8.2.2_650/lpcxpresso/tools/bin/../lib/gcc/arm-none-eabi/5.4.1/../../../../arm-none-eabi/lib/armv6-m\libc_nano.a(lib_a-reent.o)
 .ARM.attributes
                0x00000000       0x2c c:/nxp/lpcxpresso_8.2.2_650/lpcxpresso/tools/bin/../lib/gcc/arm-none-eabi/5.4.1/../../../../arm-none-eabi/lib/armv6-m\libc_nano.a(lib_a-reent.o)
 COMMON         0x00000000        0x4 c:/nxp/lpcxpresso_8.2.2_650/lpcxpresso/tools/bin/../lib/gcc/arm-none-eabi/5.4.1/../../../../arm-none-eabi/lib/armv6-m\libc_nano.a(lib_a-reent.o)
 .text          0x00000000        0x0 c:/nxp/lpcxpresso_8.2.2_650/lpcxpresso/tools/bin/../lib/gcc/arm-none-eabi/5.4.1/armv6-m\crti.o
 .data          0x00000000        0x0 c:/nxp/lpcxpresso_8.2.2_650/lpcxpresso/tools/bin/../lib/gcc/arm-none-eabi/5.4.1/armv6-m\crti.o
 .bss           0x00000000        0x0 c:/nxp/lpcxpresso_8.2.2_650/lpcxpresso/tools/bin/../lib/gcc/arm-none-eabi/5.4.1/armv6-m\crti.o
 .text          0x00000000        0x0 c:/nxp/lpcxpresso_8.2.2_650/lpcxpresso/tools/bin/../lib/gcc/arm-none-eabi/5.4.1/armv6-m\crtn.o
 .data          0x00000000        0x0 c:/nxp/lpcxpresso_8.2.2_650/lpcxpresso/tools/bin/../lib/gcc/arm-none-eabi/5.4.1/armv6-m\crtn.o
 .bss           0x00000000        0x0 c:/nxp/lpcxpresso_8.2.2_650/lpcxpresso/tools/bin/../lib/gcc/arm-none-eabi/5.4.1/armv6-m\crtn.o
 .data          0x00000000        0x4 c:/nxp/lpcxpresso_8.2.2_650/lpcxpresso/tools/bin/../lib/gcc/arm-none-eabi/5.4.1/armv6-m\crtbegin.o
 .fini_array    0x00000000        0x4 c:/nxp/lpcxpresso_8.2.2_650/lpcxpresso/tools/bin/../lib/gcc/arm-none-eabi/5.4.1/armv6-m\crtbegin.o
 .text          0x00000000        0x0 c:/nxp/lpcxpresso_8.2.2_650/lpcxpresso/tools/bin/../lib/gcc/arm-none-eabi/5.4.1/armv6-m\crtend.o
 .data          0x00000000        0x0 c:/nxp/lpcxpresso_8.2.2_650/lpcxpresso/tools/bin/../lib/gcc/arm-none-eabi/5.4.1/armv6-m\crtend.o
 .bss           0x00000000        0x0 c:/nxp/lpcxpresso_8.2.2_650/lpcxpresso/tools/bin/../lib/gcc/arm-none-eabi/5.4.1/armv6-m\crtend.o
 .eh_frame      0x00000000        0x4 c:/nxp/lpcxpresso_8.2.2_650/lpcxpresso/tools/bin/../lib/gcc/arm-none-eabi/5.4.1/armv6-m\crtend.o
 .jcr           0x00000000        0x4 c:/nxp/lpcxpresso_8.2.2_650/lpcxpresso/tools/bin/../lib/gcc/arm-none-eabi/5.4.1/armv6-m\crtend.o
 .ARM.attributes
                0x00000000       0x2c c:/nxp/lpcxpresso_8.2.2_650/lpcxpresso/tools/bin/../lib/gcc/arm-none-eabi/5.4.1/armv6-m\crtend.o

Memory Configuration

Name             Origin             Length             Attributes
MFlash32         0x00000000         0x00008000         xr
RamLoc8          0x10000000         0x00002000         xrw
*default*        0x00000000         0xffffffff

Linker script and memory map

LOAD ./src/ENC28J60.o
LOAD ./src/Mary_ENC28J60.o
LOAD ./src/cr_cpp_config.o
LOAD ./src/cr_startup_lpc11xx.o
LOAD ./src/crp.o
LOAD ./src/global.o
LOAD ./src/interrupt.o
LOAD ./src/led.o
LOAD ./src/network.o
LOAD ./src/spi.o
LOAD ./src/systick.o
LOAD ./src/timer32.o
LOAD ./src/uart.o
START GROUP
LOAD c:/nxp/lpcxpresso_8.2.2_650/lpcxpresso/tools/bin/../lib/gcc/arm-none-eabi/5.4.1/armv6-m\libgcc.a
LOAD c:/nxp/lpcxpresso_8.2.2_650/lpcxpresso/tools/bin/../lib/gcc/arm-none-eabi/5.4.1/../../../../arm-none-eabi/lib/armv6-m\libc_nano.a
LOAD c:/nxp/lpcxpresso_8.2.2_650/lpcxpresso/tools/bin/../lib/gcc/arm-none-eabi/5.4.1/../../../../arm-none-eabi/lib/armv6-m\libstdc++_nano.a
LOAD c:/nxp/lpcxpresso_8.2.2_650/lpcxpresso/tools/bin/../lib/gcc/arm-none-eabi/5.4.1/../../../../arm-none-eabi/lib/armv6-m\libm.a
LOAD c:/nxp/lpcxpresso_8.2.2_650/lpcxpresso/tools/bin/../lib/gcc/arm-none-eabi/5.4.1/armv6-m\crti.o
LOAD c:/nxp/lpcxpresso_8.2.2_650/lpcxpresso/tools/bin/../lib/gcc/arm-none-eabi/5.4.1/armv6-m\crtn.o
LOAD c:/nxp/lpcxpresso_8.2.2_650/lpcxpresso/tools/bin/../lib/gcc/arm-none-eabi/5.4.1/armv6-m\crtbegin.o
LOAD c:/nxp/lpcxpresso_8.2.2_650/lpcxpresso/tools/bin/../lib/gcc/arm-none-eabi/5.4.1/armv6-m\crtend.o
END GROUP
                0x00000000                __base_MFlash32 = 0x0
                0x00000000                __base_Flash = 0x0
                0x00008000                __top_MFlash32 = 0x8000
                0x00008000                __top_Flash = 0x8000
                0x10000000                __base_RamLoc8 = 0x10000000
                0x10000000                __base_RAM = 0x10000000
                0x10002000                __top_RamLoc8 = 0x10002000
                0x10002000                __top_RAM = 0x10002000

.text           0x00000000     0x29b4
 FILL mask 0xff
                0x00000000                __vectors_start__ = ABSOLUTE (.)
 *(.isr_vector)
 .isr_vector    0x00000000       0xc0 ./src/cr_startup_lpc11xx.o
                0x00000000                g_pfnVectors
                0x000000c0                . = ALIGN (0x4)
                0x000000c0                __section_table_start = .
                0x000000c0                __data_section_table = .
                0x000000c0        0x4 LONG 0x29b4 LOADADDR (.data)
                0x000000c4        0x4 LONG 0x10000000 ADDR (.data)
                0x000000c8        0x4 LONG 0x8 SIZEOF (.data)
                0x000000cc                __data_section_table_end = .
                0x000000cc                __bss_section_table = .
                0x000000cc        0x4 LONG 0x10000008 ADDR (.bss)
                0x000000d0        0x4 LONG 0xcc8 SIZEOF (.bss)
                0x000000d4                __bss_section_table_end = .
                0x000000d4                __section_table_end = .
                0x000002fc                . = 0x2fc
 *fill*         0x000000d4      0x228 ff
                0x000002fc                PROVIDE (__CRP_WORD_START__, .)
 *(.crp)
 .crp           0x000002fc        0x4 ./src/crp.o
                0x000002fc                CRP_WORD
                0x00000300                PROVIDE (__CRP_WORD_END__, .)
                0x00000001                ASSERT (! ((__CRP_WORD_START__ == __CRP_WORD_END__)), Linker CRP Enabled, but no CRP_WORD provided within application)
 *(.after_vectors*)
 .after_vectors
                0x00000300       0x7c ./src/Mary_ENC28J60.o
                0x00000300                RecvPacket()
 .after_vectors
                0x0000037c      0x17c ./src/cr_startup_lpc11xx.o
                0x0000037c                data_init(unsigned int, unsigned int, unsigned int)
                0x000003bc                bss_init(unsigned int, unsigned int)
                0x000003f0                ResetISR
                0x00000470                NMI_Handler
                0x00000478                HardFault_Handler
                0x000004ac                SVC_Handler
                0x000004b4                PendSV_Handler
                0x000004bc                SysTick_Handler
                0x000004c4                SSP0_IRQHandler
                0x000004c4                PIOINT1_IRQHandler
                0x000004c4                ADC_IRQHandler
                0x000004c4                SSP1_IRQHandler
                0x000004c4                PIOINT2_IRQHandler
                0x000004c4                TIMER32_0_IRQHandler
                0x000004c4                CAN_IRQHandler
                0x000004c4                BOD_IRQHandler
                0x000004c4                WAKEUP_IRQHandler
                0x000004c4                I2C_IRQHandler
                0x000004c4                IntDefaultHandler
                0x000004c4                WDT_IRQHandler
                0x000004c4                TIMER16_1_IRQHandler
                0x000004c4                TIMER16_0_IRQHandler
                0x000004c4                PIOINT3_IRQHandler
 .after_vectors
                0x000004f8       0xa0 ./src/interrupt.o
                0x000004f8                CT32B1_IRQHandler
                0x00000530                UART_IRQHandler
 *(.text*)
 .text._ZL11BitFieldSethh
                0x00000598       0x60 ./src/ENC28J60.o
 .text._ZL13BitFieldClearhh
                0x000005f8       0x60 ./src/ENC28J60.o
 .text._ZL10SwitchBankh
                0x00000658       0x34 ./src/ENC28J60.o
 .text._ZL6ReadCRh
                0x0000068c       0xc4 ./src/ENC28J60.o
 .text._Z7WriteCRhh
                0x00000750       0xb8 ./src/ENC28J60.o
                0x00000750                WriteCR(unsigned char, unsigned char)
 .text._ZL10ReadPHYReghPhS_
                0x00000808       0x70 ./src/ENC28J60.o
 .text._ZL11WritePHYReghhh
                0x00000878       0x4c ./src/ENC28J60.o
 .text._ZL13ReadBufferMemPhh
                0x000008c4       0x68 ./src/ENC28J60.o
 .text._ZL14WriteBufferMemPKht
                0x0000092c       0x68 ./src/ENC28J60.o
 .text._Z13Init_ENC28J60v
                0x00000994       0x2c ./src/ENC28J60.o
                0x00000994                Init_ENC28J60()
 .text._Z20Get_MACAddr_ENC28J60v
                0x000009c0       0x10 ./src/ENC28J60.o
                0x000009c0                Get_MACAddr_ENC28J60()
 .text._Z21Use_TxPktBuf_ENC28J60v
                0x000009d0       0x38 ./src/ENC28J60.o
                0x000009d0                Use_TxPktBuf_ENC28J60()
 .text._Z22Free_TxPktBuf_ENC28J60P7_Packet
                0x00000a08       0x28 ./src/ENC28J60.o
                0x00000a08                Free_TxPktBuf_ENC28J60(_Packet*)
 .text._Z21Use_RxPktBuf_ENC28J60v
                0x00000a30       0x38 ./src/ENC28J60.o
                0x00000a30                Use_RxPktBuf_ENC28J60()
 .text._Z22Free_RxPktBuf_ENC28J60P7_Packet
                0x00000a68       0x28 ./src/ENC28J60.o
                0x00000a68                Free_RxPktBuf_ENC28J60(_Packet*)
 .text._Z19SendPacket_ENC28J60PK7_Packet
                0x00000a90       0xbc ./src/ENC28J60.o
                0x00000a90                SendPacket_ENC28J60(_Packet const*)
 .text._Z33CopyPacketFromRecvBuffer_ENC28J60P7_Packet
                0x00000b4c      0x134 ./src/ENC28J60.o
                0x00000b4c                CopyPacketFromRecvBuffer_ENC28J60(_Packet*)
 .text._Z21Get_RemainPacketCountv
                0x00000c80       0x14 ./src/ENC28J60.o
                0x00000c80                Get_RemainPacketCount()
 .text._Z19RecvPacket_ENC28J60PP7_Packet
                0x00000c94       0x50 ./src/ENC28J60.o
                0x00000c94                RecvPacket_ENC28J60(_Packet**)
 .text._Z26InterruptCallback_ENC28J60v
                0x00000ce4       0xa8 ./src/ENC28J60.o
                0x00000ce4                InterruptCallback_ENC28J60()
 .text._Z33EnableTxRxErrorInterrupt_ENC28J60v
                0x00000d8c       0x14 ./src/ENC28J60.o
                0x00000d8c                EnableTxRxErrorInterrupt_ENC28J60()
 .text._Z31EnableRecvPktInterrupt_ENC28J60v
                0x00000da0       0x14 ./src/ENC28J60.o
                0x00000da0                EnableRecvPktInterrupt_ENC28J60()
 .text._Z25DisableInterrupt_ENC28J60v
                0x00000db4       0x14 ./src/ENC28J60.o
                0x00000db4                DisableInterrupt_ENC28J60()
 .text._Z14Reset_ENC28J60v
                0x00000dc8       0x54 ./src/ENC28J60.o
                0x00000dc8                Reset_ENC28J60()
 .text._Z17Init_PHY_ENC28J60v
                0x00000e1c        0xc ./src/ENC28J60.o
                0x00000e1c                Init_PHY_ENC28J60()
 .text._Z23Init_PktBuffer_ENC28J60v
                0x00000e28       0x5c ./src/ENC28J60.o
                0x00000e28                Init_PktBuffer_ENC28J60()
 .text._Z23Init_PktFilter_ENC28J60v
                0x00000e84       0x14 ./src/ENC28J60.o
                0x00000e84                Init_PktFilter_ENC28J60()
 .text._Z17Init_MAC_ENC28J60v
                0x00000e98       0x88 ./src/ENC28J60.o
                0x00000e98                Init_MAC_ENC28J60()
 .text._Z23Init_Interrupt_ENC28J60v
                0x00000f20       0x20 ./src/ENC28J60.o
                0x00000f20                Init_Interrupt_ENC28J60()
 .text._Z24Init_EthControl_ENC28J60v
                0x00000f40       0x14 ./src/ENC28J60.o
                0x00000f40                Init_EthControl_ENC28J60()
 .text._Z21Show_Setting_ENC28J60v
                0x00000f54      0x12c ./src/ENC28J60.o
                0x00000f54                Show_Setting_ENC28J60()
 .text._ZL13Init_HostInfov
                0x00001080       0xc8 ./src/Mary_ENC28J60.o
 .text._ZL29CheckPacketAddressDestinationPK7_PacketPK5_Host
                0x00001148       0xf4 ./src/Mary_ENC28J60.o
 .text._ZL18Show_ICMPEchoReplyPK7_Packet
                0x0000123c       0x1c ./src/Mary_ENC28J60.o
 .text._Z15SendPacketTimerv
                0x00001258       0x28 ./src/Mary_ENC28J60.o
                0x00001258                SendPacketTimer()
 .text.main     0x00001280      0x338 ./src/Mary_ENC28J60.o
                0x00001280                main
 .text._Z8Init_LEDv
                0x000015b8       0x4c ./src/led.o
                0x000015b8                Init_LED()
 .text._Z9TurnOnLEDm
                0x00001604       0x58 ./src/led.o
                0x00001604                TurnOnLED(unsigned long)
 .text._Z10TurnOffLEDm
                0x0000165c       0x58 ./src/led.o
                0x0000165c                TurnOffLED(unsigned long)
 .text._ZL12Get_IP_PktIDv
                0x000016b4       0x1c ./src/network.o
 .text._Z9Get_BEU16PKh
                0x000016d0       0x28 ./src/network.o
                0x000016d0                Get_BEU16(unsigned char const*)
 .text._Z9Get_BEU32PKh
                0x000016f8       0x34 ./src/network.o
                0x000016f8                Get_BEU32(unsigned char const*)
 .text._Z11Store_BEU16Pht
                0x0000172c       0x30 ./src/network.o
                0x0000172c                Store_BEU16(unsigned char*, unsigned short)
 .text._Z8ChecksumPKhi
                0x0000175c       0x7c ./src/network.o
                0x0000175c                Checksum(unsigned char const*, int)
 .text._Z16IP_StoreChecksumP7_IP_Hdr
                0x000017d8       0x44 ./src/network.o
                0x000017d8                IP_StoreChecksum(_IP_Hdr*)
 .text._Z18ICMP_StoreChecksumP9_ICMP_Hdrm
                0x0000181c       0x48 ./src/network.o
                0x0000181c                ICMP_StoreChecksum(_ICMP_Hdr*, unsigned long)
 .text._Z13IsSameMacAddrPKhS0_
                0x00001864       0x48 ./src/network.o
                0x00001864                IsSameMacAddr(unsigned char const*, unsigned char const*)
 .text._Z18IsBroadCastMacAddrPKh
                0x000018ac       0x3c ./src/network.o
                0x000018ac                IsBroadCastMacAddr(unsigned char const*)
 .text._Z12Set_EtherHdrP10_Ether_HdrPKhS2_
                0x000018e8       0x50 ./src/network.o
                0x000018e8                Set_EtherHdr(_Ether_Hdr*, unsigned char const*, unsigned char const*)
 .text._Z17Set_Default_IPHdrP7_IP_Hdr
                0x00001938       0x44 ./src/network.o
                0x00001938                Set_Default_IPHdr(_IP_Hdr*)
 .text._Z14Create_ICMPHdrPhPK5_HostS2_m
                0x0000197c       0xb4 ./src/network.o
                0x0000197c                Create_ICMPHdr(unsigned char*, _Host const*, _Host const*, unsigned long)
 .text._Z22Create_ICMPEchoRequestPK5_HostS1_
                0x00001a30       0xd8 ./src/network.o
                0x00001a30                Create_ICMPEchoRequest(_Host const*, _Host const*)
 .text._Z17Create_ARPRequestPK5_HostS1_
                0x00001b08      0x118 ./src/network.o
                0x00001b08                Create_ARPRequest(_Host const*, _Host const*)
 .text._Z10IsARPReplyPK7_Packet
                0x00001c20       0xa0 ./src/network.o
                0x00001c20                IsARPReply(_Packet const*)
 .text._Z16Process_ARPReplyPK7_PacketP5_Host
                0x00001cc0       0x44 ./src/network.o
                0x00001cc0                Process_ARPReply(_Packet const*, _Host*)
 .text._Z15IsICMPEchoReplyPK7_Packet
                0x00001d04       0x60 ./src/network.o
                0x00001d04                IsICMPEchoReply(_Packet const*)
 .text._Z9Init_SPI0h
                0x00001d64       0xd8 ./src/spi.o
                0x00001d64                Init_SPI0(unsigned char)
 .text._Z9SPI0_TxRxt
                0x00001e3c       0x7c ./src/spi.o
                0x00001e3c                SPI0_TxRx(unsigned short)
 .text._Z12Init_Systickv
                0x00001eb8       0x44 ./src/systick.o
                0x00001eb8                Init_Systick()
 .text._Z12Systick_Waitm
                0x00001efc       0x40 ./src/systick.o
                0x00001efc                Systick_Wait(unsigned long)
 .text._Z14Init_Timer32B1m
                0x00001f3c       0x70 ./src/timer32.o
                0x00001f3c                Init_Timer32B1(unsigned long)
 .text._Z21Timer32B1_SetCallbackPFvvE
                0x00001fac       0x1c ./src/timer32.o
                0x00001fac                Timer32B1_SetCallback(void (*)())
 .text._Z9Init_UARTv
                0x00001fc8       0xd8 ./src/uart.o
                0x00001fc8                Init_UART()
 .text._ZL13UART_RecvBytev
                0x000020a0       0xb8 ./src/uart.o
 .text._Z26UART_MoveRxFIFODataToRxBufv
                0x00002158       0x38 ./src/uart.o
                0x00002158                UART_MoveRxFIFODataToRxBuf()
 .text._Z13UART_SendBytev
                0x00002190       0x94 ./src/uart.o
                0x00002190                UART_SendByte()
 .text._Z9UART_SendPKhm
                0x00002224       0xdc ./src/uart.o
                0x00002224                UART_Send(unsigned char const*, unsigned long)
 .text._Z10UART_PrintPKc
                0x00002300       0x38 ./src/uart.o
                0x00002300                UART_Print(char const*)
 .text._Z12UART_NewLinev
                0x00002338       0x18 ./src/uart.o
                0x00002338                UART_NewLine()
 .text._Z13UART_HexPrintPKhi
                0x00002350       0x70 ./src/uart.o
                0x00002350                UART_HexPrint(unsigned char const*, int)
 .text          0x000023c0      0x114 c:/nxp/lpcxpresso_8.2.2_650/lpcxpresso/tools/bin/../lib/gcc/arm-none-eabi/5.4.1/armv6-m\libgcc.a(_udivsi3.o)
                0x000023c0                __aeabi_uidiv
                0x000023c0                __udivsi3
                0x000024cc                __aeabi_uidivmod
 .text          0x000024d4      0x1d4 c:/nxp/lpcxpresso_8.2.2_650/lpcxpresso/tools/bin/../lib/gcc/arm-none-eabi/5.4.1/armv6-m\libgcc.a(_divsi3.o)
                0x000024d4                __divsi3
                0x000024d4                __aeabi_idiv
                0x000026a0                __aeabi_idivmod
 .text          0x000026a8        0x4 c:/nxp/lpcxpresso_8.2.2_650/lpcxpresso/tools/bin/../lib/gcc/arm-none-eabi/5.4.1/armv6-m\libgcc.a(_dvmd_tls.o)
                0x000026a8                __aeabi_idiv0
                0x000026a8                __aeabi_ldiv0
 .text.__libc_init_array
                0x000026ac       0x4c c:/nxp/lpcxpresso_8.2.2_650/lpcxpresso/tools/bin/../lib/gcc/arm-none-eabi/5.4.1/../../../../arm-none-eabi/lib/armv6-m\libc_nano.a(lib_a-init.o)
                0x000026ac                __libc_init_array
 .text.memcpy   0x000026f8       0x12 c:/nxp/lpcxpresso_8.2.2_650/lpcxpresso/tools/bin/../lib/gcc/arm-none-eabi/5.4.1/../../../../arm-none-eabi/lib/armv6-m\libc_nano.a(lib_a-memcpy-stub.o)
                0x000026f8                memcpy
 .text.memset   0x0000270a       0x10 c:/nxp/lpcxpresso_8.2.2_650/lpcxpresso/tools/bin/../lib/gcc/arm-none-eabi/5.4.1/../../../../arm-none-eabi/lib/armv6-m\libc_nano.a(lib_a-memset.o)
                0x0000270a                memset
 *fill*         0x0000271a        0x2 ff
 .text          0x0000271c       0x60 c:/nxp/lpcxpresso_8.2.2_650/lpcxpresso/tools/bin/../lib/gcc/arm-none-eabi/5.4.1/armv6-m\crtbegin.o
 *(.rodata .rodata.* .constdata .constdata.*)
 .rodata        0x0000277c       0xa5 ./src/ENC28J60.o
 *fill*         0x00002821        0x3 ff
 .rodata._ZL13skLEDColorTbl
                0x00002824       0x1c ./src/Mary_ENC28J60.o
 .rodata        0x00002840       0xfd ./src/Mary_ENC28J60.o
 *fill*         0x0000293d        0x3 ff
 .rodata        0x00002940       0x41 ./src/network.o
 *fill*         0x00002981        0x3 ff
 .rodata        0x00002984        0x3 ./src/uart.o
 *fill*         0x00002987        0x1 ff
 .rodata._ZZ13UART_HexPrintPKhiE5table
                0x00002988       0x10 ./src/uart.o
                0x00002998                . = ALIGN (0x4)
                0x00002998                . = ALIGN (0x4)
 *(.init)
 .init          0x00002998        0x4 c:/nxp/lpcxpresso_8.2.2_650/lpcxpresso/tools/bin/../lib/gcc/arm-none-eabi/5.4.1/armv6-m\crti.o
                0x00002998                _init
 .init          0x0000299c        0x8 c:/nxp/lpcxpresso_8.2.2_650/lpcxpresso/tools/bin/../lib/gcc/arm-none-eabi/5.4.1/armv6-m\crtn.o
                0x000029a4                . = ALIGN (0x4)
                0x000029a4                __preinit_array_start = .
 *(.preinit_array)
                0x000029a4                __preinit_array_end = .
                0x000029a4                . = ALIGN (0x4)
                0x000029a4                __init_array_start = .
 *(SORT(.init_array.*))
 *(.init_array)
 .init_array    0x000029a4        0x4 c:/nxp/lpcxpresso_8.2.2_650/lpcxpresso/tools/bin/../lib/gcc/arm-none-eabi/5.4.1/armv6-m\crtbegin.o
                0x000029a8                __init_array_end = .
 *(.fini)
 .fini          0x000029a8        0x4 c:/nxp/lpcxpresso_8.2.2_650/lpcxpresso/tools/bin/../lib/gcc/arm-none-eabi/5.4.1/armv6-m\crti.o
                0x000029a8                _fini
 .fini          0x000029ac        0x8 c:/nxp/lpcxpresso_8.2.2_650/lpcxpresso/tools/bin/../lib/gcc/arm-none-eabi/5.4.1/armv6-m\crtn.o
                0x000029b4                . = ALIGN (0x4)
 *crtbegin.o(.ctors)
 *(EXCLUDE_FILE(*crtend.o) .ctors)
 *(SORT(.ctors.*))
 *crtend.o(.ctors)
                0x000029b4                . = ALIGN (0x4)
 *crtbegin.o(.dtors)
 *(EXCLUDE_FILE(*crtend.o) .dtors)
 *(SORT(.dtors.*))
 *crtend.o(.dtors)
                0x000029b4                . = ALIGN (0x4)

.glue_7         0x000029b4        0x0
 .glue_7        0x000029b4        0x0 linker stubs

.glue_7t        0x000029b4        0x0
 .glue_7t       0x000029b4        0x0 linker stubs

.vfp11_veneer   0x000029b4        0x0
 .vfp11_veneer  0x000029b4        0x0 linker stubs

.v4_bx          0x000029b4        0x0
 .v4_bx         0x000029b4        0x0 linker stubs

.iplt           0x000029b4        0x0
 .iplt          0x000029b4        0x0 ./src/ENC28J60.o

.rel.dyn        0x000029b4        0x0
 .rel.iplt      0x000029b4        0x0 ./src/ENC28J60.o

.eh_frame       0x000029b4        0x0
 .eh_frame      0x000029b4        0x0 c:/nxp/lpcxpresso_8.2.2_650/lpcxpresso/tools/bin/../lib/gcc/arm-none-eabi/5.4.1/armv6-m\crtbegin.o

.ARM.extab
 *(.ARM.extab* .gnu.linkonce.armextab.*)
                0x000029b4                __exidx_start = .

.ARM.exidx
 *(.ARM.exidx* .gnu.linkonce.armexidx.*)
                0x000029b4                __exidx_end = .
                0x000029b4                _etext = .

.uninit_RESERVED
                0x10000000        0x0
 *(.bss.$RESERVED*)
                0x10000000                . = ALIGN (0x4)
                0x10000000                _end_uninit_RESERVED = .

.data           0x10000000        0x8 load address 0x000029b4
 FILL mask 0xff
                0x10000000                _data = .
 *(vtable)
 *(.ramfunc*)
 *(.data*)
 .data._ZL8sMACAddr
                0x10000000        0x6 ./src/ENC28J60.o
                0x10000008                . = ALIGN (0x4)
 *fill*         0x10000006        0x2 ff
                0x10000008                _edata = .

.igot.plt       0x10000008        0x0 load address 0x000029bc
 .igot.plt      0x10000008        0x0 ./src/ENC28J60.o

.jcr            0x10000008        0x0 load address 0x000029bc
 .jcr           0x10000008        0x0 c:/nxp/lpcxpresso_8.2.2_650/lpcxpresso/tools/bin/../lib/gcc/arm-none-eabi/5.4.1/armv6-m\crtbegin.o

.bss            0x10000008      0xcc8 load address 0x000029bc
                0x10000008                _bss = .
 *(.bss*)
 .bss._ZL12sCurrentBank
                0x10000008        0x4 ./src/ENC28J60.o
 .bss._ZL9sTxPktBuf
                0x1000000c      0x5dc ./src/ENC28J60.o
 .bss._ZL6sTxPkt
                0x100005e8        0x8 ./src/ENC28J60.o
 .bss._ZL16sIsTxPktBufInuse
                0x100005f0        0x4 ./src/ENC28J60.o
 .bss._ZL9sRxPktBuf
                0x100005f4      0x5dc ./src/ENC28J60.o
 .bss._ZL6sRxPkt
                0x10000bd0        0x8 ./src/ENC28J60.o
 .bss._ZL16sIsRxPktBufInuse
                0x10000bd8        0x4 ./src/ENC28J60.o
 .bss._ZL14sNextPacketPtr
                0x10000bdc        0x2 ./src/ENC28J60.o
 *fill*         0x10000bde        0x2 
 .bss.gRxPkt    0x10000be0        0x4 ./src/Mary_ENC28J60.o
                0x10000be0                gRxPkt
 .bss.gARPRequestCompleted
                0x10000be4        0x4 ./src/Mary_ENC28J60.o
                0x10000be4                gARPRequestCompleted
 .bss.gIsRecvPkt
                0x10000be8        0x4 ./src/Mary_ENC28J60.o
                0x10000be8                gIsRecvPkt
 .bss.gSendPktWaitCount
                0x10000bec        0x4 ./src/Mary_ENC28J60.o
                0x10000bec                gSendPktWaitCount
 .bss.gLEDCount
                0x10000bf0        0x4 ./src/Mary_ENC28J60.o
                0x10000bf0                gLEDCount
 .bss.gHostSrc  0x10000bf4        0xb ./src/Mary_ENC28J60.o
                0x10000bf4                gHostSrc
 *fill*         0x10000bff        0x1 
 .bss.gHostDst  0x10000c00        0xb ./src/Mary_ENC28J60.o
                0x10000c00                gHostDst
 *fill*         0x10000c0b        0x1 
 .bss._ZZ17HardFault_HandlerE3cnt
                0x10000c0c        0x4 ./src/cr_startup_lpc11xx.o
 .bss._ZZ17IntDefaultHandlerE3cnt
                0x10000c10        0x4 ./src/cr_startup_lpc11xx.o
 .bss.gTimer32B1_Callback
                0x10000c14        0x4 ./src/global.o
                0x10000c14                gTimer32B1_Callback
 .bss._ZL9sPacketID
                0x10000c18        0x2 ./src/network.o
 .bss._ZL14sICMPEchoSeqID
                0x10000c1a        0x2 ./src/network.o
 .bss._ZL19sSystick_WaitCalled
                0x10000c1c        0x4 ./src/systick.o
 .bss._ZL16sSystick_WaitCnt
                0x10000c20        0x4 ./src/systick.o
 .bss.gUART_RxBuffer
                0x10000c24       0x40 ./src/uart.o
                0x10000c24                gUART_RxBuffer
 .bss.gUART_TxBuffer
                0x10000c64       0x40 ./src/uart.o
                0x10000c64                gUART_TxBuffer
 .bss.gUART_RxBufIdx
                0x10000ca4        0x4 ./src/uart.o
                0x10000ca4                gUART_RxBufIdx
 .bss.gUART_RxBufBegin
                0x10000ca8        0x4 ./src/uart.o
                0x10000ca8                gUART_RxBufBegin
 .bss.gUART_TxBufIdx
                0x10000cac        0x4 ./src/uart.o
                0x10000cac                gUART_TxBufIdx
 .bss.gUART_TxBufBegin
                0x10000cb0        0x4 ./src/uart.o
                0x10000cb0                gUART_TxBufBegin
 .bss           0x10000cb4       0x1c c:/nxp/lpcxpresso_8.2.2_650/lpcxpresso/tools/bin/../lib/gcc/arm-none-eabi/5.4.1/armv6-m\crtbegin.o
 *(COMMON)
                0x10000cd0                . = ALIGN (0x4)
                0x10000cd0                _ebss = .
                [!provide]                PROVIDE (end, .)

.noinit         0x10000cd0        0x0 load address 0x000029bc
                0x10000cd0                _noinit = .
 *(.noinit*)
                0x10000cd0                . = ALIGN (0x4)
                0x10000cd0                _end_noinit = .
                [!provide]                PROVIDE (_pvHeapStart, DEFINED (__user_heap_base)?__user_heap_base:.)
                0x10002000                PROVIDE (_vStackTop, DEFINED (__user_stack_top)?__user_stack_top:(__top_RamLoc8 - 0x0))
                0xefffd325                PROVIDE (__valid_user_code_checksum, (0x0 - (((_vStackTop + (ResetISR + 0x1)) + (DEFINED (NMI_Handler)?NMI_Handler:M0_NMI_Handler + 0x1)) + (DEFINED (HardFault_Handler)?HardFault_Handler:M0_HardFault_Handler + 0x1))))
OUTPUT(Mary_ENC28J60.axf elf32-littlearm)

.debug_info     0x00000000     0x27e0
 .debug_info    0x00000000      0x7ba ./src/ENC28J60.o
 .debug_info    0x000007ba      0x7cf ./src/Mary_ENC28J60.o
 .debug_info    0x00000f89      0x56a ./src/cr_startup_lpc11xx.o
 .debug_info    0x000014f3       0x3f ./src/crp.o
 .debug_info    0x00001532       0x3a ./src/global.o
 .debug_info    0x0000156c       0xdf ./src/interrupt.o
 .debug_info    0x0000164b       0xeb ./src/led.o
 .debug_info    0x00001736      0x959 ./src/network.o
 .debug_info    0x0000208f      0x1b5 ./src/spi.o
 .debug_info    0x00002244      0x103 ./src/systick.o
 .debug_info    0x00002347       0xf0 ./src/timer32.o
 .debug_info    0x00002437      0x3a9 ./src/uart.o

.debug_abbrev   0x00000000      0xb9c
 .debug_abbrev  0x00000000      0x24e ./src/ENC28J60.o
 .debug_abbrev  0x0000024e      0x1b7 ./src/Mary_ENC28J60.o
 .debug_abbrev  0x00000405      0x15a ./src/cr_startup_lpc11xx.o
 .debug_abbrev  0x0000055f       0x36 ./src/crp.o
 .debug_abbrev  0x00000595       0x32 ./src/global.o
 .debug_abbrev  0x000005c7       0xac ./src/interrupt.o
 .debug_abbrev  0x00000673       0x95 ./src/led.o
 .debug_abbrev  0x00000708      0x150 ./src/network.o
 .debug_abbrev  0x00000858       0xbe ./src/spi.o
 .debug_abbrev  0x00000916       0xab ./src/systick.o
 .debug_abbrev  0x000009c1       0x84 ./src/timer32.o
 .debug_abbrev  0x00000a45      0x157 ./src/uart.o

.debug_aranges  0x00000000      0x3f8
 .debug_aranges
                0x00000000      0x118 ./src/ENC28J60.o
 .debug_aranges
                0x00000118       0x48 ./src/Mary_ENC28J60.o
 .debug_aranges
                0x00000160       0x60 ./src/cr_startup_lpc11xx.o
 .debug_aranges
                0x000001c0       0x18 ./src/crp.o
 .debug_aranges
                0x000001d8       0x18 ./src/global.o
 .debug_aranges
                0x000001f0       0x28 ./src/interrupt.o
 .debug_aranges
                0x00000218       0x30 ./src/led.o
 .debug_aranges
                0x00000248       0xb0 ./src/network.o
 .debug_aranges
                0x000002f8       0x38 ./src/spi.o
 .debug_aranges
                0x00000330       0x30 ./src/systick.o
 .debug_aranges
                0x00000360       0x28 ./src/timer32.o
 .debug_aranges
                0x00000388       0x70 ./src/uart.o

.debug_ranges   0x00000000      0x340
 .debug_ranges  0x00000000      0x108 ./src/ENC28J60.o
 .debug_ranges  0x00000108       0x38 ./src/Mary_ENC28J60.o
 .debug_ranges  0x00000140       0x50 ./src/cr_startup_lpc11xx.o
 .debug_ranges  0x00000190       0x30 ./src/interrupt.o
 .debug_ranges  0x000001c0       0x20 ./src/led.o
 .debug_ranges  0x000001e0       0xa0 ./src/network.o
 .debug_ranges  0x00000280       0x28 ./src/spi.o
 .debug_ranges  0x000002a8       0x20 ./src/systick.o
 .debug_ranges  0x000002c8       0x18 ./src/timer32.o
 .debug_ranges  0x000002e0       0x60 ./src/uart.o

.debug_macro    0x00000000     0x31c3
 .debug_macro   0x00000000       0xad ./src/ENC28J60.o
 .debug_macro   0x000000ad      0x8da ./src/ENC28J60.o
 .debug_macro   0x00000987       0x1c ./src/ENC28J60.o
 .debug_macro   0x000009a3       0x22 ./src/ENC28J60.o
 .debug_macro   0x000009c5       0x4f ./src/ENC28J60.o
 .debug_macro   0x00000a14       0x44 ./src/ENC28J60.o
 .debug_macro   0x00000a58       0xfd ./src/ENC28J60.o
 .debug_macro   0x00000b55       0x5e ./src/ENC28J60.o
 .debug_macro   0x00000bb3      0x1df ./src/ENC28J60.o
 .debug_macro   0x00000d92      0x2c9 ./src/ENC28J60.o
 .debug_macro   0x0000105b      0xaa8 ./src/ENC28J60.o
 .debug_macro   0x00001b03       0x1c ./src/ENC28J60.o
 .debug_macro   0x00001b1f       0xef ./src/Mary_ENC28J60.o
 .debug_macro   0x00001c0e       0x82 ./src/Mary_ENC28J60.o
 .debug_macro   0x00001c90      0x136 ./src/Mary_ENC28J60.o
 .debug_macro   0x00001dc6      0x34c ./src/Mary_ENC28J60.o
 .debug_macro   0x00002112       0x34 ./src/Mary_ENC28J60.o
 .debug_macro   0x00002146       0x22 ./src/Mary_ENC28J60.o
 .debug_macro   0x00002168      0x2cf ./src/Mary_ENC28J60.o
 .debug_macro   0x00002437       0xb5 ./src/cr_startup_lpc11xx.o
 .debug_macro   0x000024ec       0x1a ./src/crp.o
 .debug_macro   0x00002506      0x83e ./src/crp.o
 .debug_macro   0x00002d44       0x34 ./src/crp.o
 .debug_macro   0x00002d78       0x20 ./src/global.o
 .debug_macro   0x00002d98       0x10 ./src/global.o
 .debug_macro   0x00002da8       0x8e ./src/interrupt.o
 .debug_macro   0x00002e36       0x10 ./src/interrupt.o
 .debug_macro   0x00002e46       0x80 ./src/led.o
 .debug_macro   0x00002ec6       0x2e ./src/led.o
 .debug_macro   0x00002ef4       0x85 ./src/network.o
 .debug_macro   0x00002f79       0x98 ./src/spi.o
 .debug_macro   0x00003011       0x8e ./src/systick.o
 .debug_macro   0x0000309f       0x88 ./src/timer32.o
 .debug_macro   0x00003127       0x9c ./src/uart.o

.debug_line     0x00000000     0x22dc
 .debug_line    0x00000000      0x57e ./src/ENC28J60.o
 .debug_line    0x0000057e      0x4a1 ./src/Mary_ENC28J60.o
 .debug_line    0x00000a1f      0x3a2 ./src/cr_startup_lpc11xx.o
 .debug_line    0x00000dc1       0x7d ./src/crp.o
 .debug_line    0x00000e3e       0x7b ./src/global.o
 .debug_line    0x00000eb9      0x260 ./src/interrupt.o
 .debug_line    0x00001119      0x24e ./src/led.o
 .debug_line    0x00001367      0x472 ./src/network.o
 .debug_line    0x000017d9      0x2c2 ./src/spi.o
 .debug_line    0x00001a9b      0x268 ./src/systick.o
 .debug_line    0x00001d03      0x24e ./src/timer32.o
 .debug_line    0x00001f51      0x38b ./src/uart.o

.debug_str      0x00000000     0xb050
 .debug_str     0x00000000     0x8851 ./src/ENC28J60.o
                               0x89da (size before relaxing)
 .debug_str     0x00008851     0x1aeb ./src/Mary_ENC28J60.o
                               0x9f6d (size before relaxing)
 .debug_str     0x0000a33c      0x1a6 ./src/cr_startup_lpc11xx.o
                               0x4c5d (size before relaxing)
 .debug_str     0x0000a4e2      0x281 ./src/crp.o
                               0x2464 (size before relaxing)
 .debug_str     0x0000a763       0x54 ./src/global.o
                               0x2681 (size before relaxing)
 .debug_str     0x0000a7b7       0x4e ./src/interrupt.o
                               0x7936 (size before relaxing)
 .debug_str     0x0000a805       0x5e ./src/led.o
                               0x7a39 (size before relaxing)
 .debug_str     0x0000a863      0x3d1 ./src/network.o
                               0x4324 (size before relaxing)
 .debug_str     0x0000ac34       0x90 ./src/spi.o
                               0x79f3 (size before relaxing)
 .debug_str     0x0000acc4       0x94 ./src/systick.o
                               0x7a92 (size before relaxing)
 .debug_str     0x0000ad58       0x87 ./src/timer32.o
                               0x7972 (size before relaxing)
 .debug_str     0x0000addf      0x271 ./src/uart.o
                               0x7c7c (size before relaxing)

.comment        0x00000000       0x6e
 .comment       0x00000000       0x6e ./src/ENC28J60.o
                                 0x6f (size before relaxing)
 .comment       0x0000006e       0x6f ./src/Mary_ENC28J60.o
 .comment       0x0000006e       0x6f ./src/cr_startup_lpc11xx.o
 .comment       0x0000006e       0x6f ./src/crp.o
 .comment       0x0000006e       0x6f ./src/global.o
 .comment       0x0000006e       0x6f ./src/interrupt.o
 .comment       0x0000006e       0x6f ./src/led.o
 .comment       0x0000006e       0x6f ./src/network.o
 .comment       0x0000006e       0x6f ./src/spi.o
 .comment       0x0000006e       0x6f ./src/systick.o
 .comment       0x0000006e       0x6f ./src/timer32.o
 .comment       0x0000006e       0x6f ./src/uart.o

.ARM.attributes
                0x00000000       0x31
 .ARM.attributes
                0x00000000       0x31 ./src/ENC28J60.o
 .ARM.attributes
                0x00000031       0x31 ./src/Mary_ENC28J60.o
 .ARM.attributes
                0x00000062       0x31 ./src/cr_startup_lpc11xx.o
 .ARM.attributes
                0x00000093       0x31 ./src/crp.o
 .ARM.attributes
                0x000000c4       0x31 ./src/global.o
 .ARM.attributes
                0x000000f5       0x31 ./src/interrupt.o
 .ARM.attributes
                0x00000126       0x31 ./src/led.o
 .ARM.attributes
                0x00000157       0x31 ./src/network.o
 .ARM.attributes
                0x00000188       0x31 ./src/spi.o
 .ARM.attributes
                0x000001b9       0x31 ./src/systick.o
 .ARM.attributes
                0x000001ea       0x31 ./src/timer32.o
 .ARM.attributes
                0x0000021b       0x31 ./src/uart.o
 .ARM.attributes
                0x0000024c       0x1e c:/nxp/lpcxpresso_8.2.2_650/lpcxpresso/tools/bin/../lib/gcc/arm-none-eabi/5.4.1/armv6-m\libgcc.a(_udivsi3.o)
 .ARM.attributes
                0x0000026a       0x1e c:/nxp/lpcxpresso_8.2.2_650/lpcxpresso/tools/bin/../lib/gcc/arm-none-eabi/5.4.1/armv6-m\libgcc.a(_divsi3.o)
 .ARM.attributes
                0x00000288       0x1e c:/nxp/lpcxpresso_8.2.2_650/lpcxpresso/tools/bin/../lib/gcc/arm-none-eabi/5.4.1/armv6-m\libgcc.a(_dvmd_tls.o)
 .ARM.attributes
                0x000002a6       0x2c c:/nxp/lpcxpresso_8.2.2_650/lpcxpresso/tools/bin/../lib/gcc/arm-none-eabi/5.4.1/../../../../arm-none-eabi/lib/armv6-m\libc_nano.a(lib_a-init.o)
 .ARM.attributes
                0x000002d2       0x2c c:/nxp/lpcxpresso_8.2.2_650/lpcxpresso/tools/bin/../lib/gcc/arm-none-eabi/5.4.1/../../../../arm-none-eabi/lib/armv6-m\libc_nano.a(lib_a-memcpy-stub.o)
 .ARM.attributes
                0x000002fe       0x2c c:/nxp/lpcxpresso_8.2.2_650/lpcxpresso/tools/bin/../lib/gcc/arm-none-eabi/5.4.1/../../../../arm-none-eabi/lib/armv6-m\libc_nano.a(lib_a-memset.o)
 .ARM.attributes
                0x0000032a       0x1e c:/nxp/lpcxpresso_8.2.2_650/lpcxpresso/tools/bin/../lib/gcc/arm-none-eabi/5.4.1/armv6-m\crti.o
 .ARM.attributes
                0x00000348       0x1e c:/nxp/lpcxpresso_8.2.2_650/lpcxpresso/tools/bin/../lib/gcc/arm-none-eabi/5.4.1/armv6-m\crtn.o
 .ARM.attributes
                0x00000366       0x2c c:/nxp/lpcxpresso_8.2.2_650/lpcxpresso/tools/bin/../lib/gcc/arm-none-eabi/5.4.1/armv6-m\crtbegin.o

.debug_frame    0x00000000      0xc3c
 .debug_frame   0x00000000      0x3d4 ./src/ENC28J60.o
 .debug_frame   0x000003d4       0xcc ./src/Mary_ENC28J60.o
 .debug_frame   0x000004a0      0x118 ./src/cr_startup_lpc11xx.o
 .debug_frame   0x000005b8       0x4c ./src/interrupt.o
 .debug_frame   0x00000604       0x6c ./src/led.o
 .debug_frame   0x00000670      0x26c ./src/network.o
 .debug_frame   0x000008dc       0x90 ./src/spi.o
 .debug_frame   0x0000096c       0x68 ./src/systick.o
 .debug_frame   0x000009d4       0x50 ./src/timer32.o
 .debug_frame   0x00000a24      0x164 ./src/uart.o
 .debug_frame   0x00000b88       0x20 c:/nxp/lpcxpresso_8.2.2_650/lpcxpresso/tools/bin/../lib/gcc/arm-none-eabi/5.4.1/armv6-m\libgcc.a(_udivsi3.o)
 .debug_frame   0x00000ba8       0x20 c:/nxp/lpcxpresso_8.2.2_650/lpcxpresso/tools/bin/../lib/gcc/arm-none-eabi/5.4.1/armv6-m\libgcc.a(_divsi3.o)
 .debug_frame   0x00000bc8       0x2c c:/nxp/lpcxpresso_8.2.2_650/lpcxpresso/tools/bin/../lib/gcc/arm-none-eabi/5.4.1/../../../../arm-none-eabi/lib/armv6-m\libc_nano.a(lib_a-init.o)
 .debug_frame   0x00000bf4       0x28 c:/nxp/lpcxpresso_8.2.2_650/lpcxpresso/tools/bin/../lib/gcc/arm-none-eabi/5.4.1/../../../../arm-none-eabi/lib/armv6-m\libc_nano.a(lib_a-memcpy-stub.o)
 .debug_frame   0x00000c1c       0x20 c:/nxp/lpcxpresso_8.2.2_650/lpcxpresso/tools/bin/../lib/gcc/arm-none-eabi/5.4.1/../../../../arm-none-eabi/lib/armv6-m\libc_nano.a(lib_a-memset.o)
